04-03 22:34:28.802   272   311 W libc    : Unable to set property "ctl.interface_start" to "aidl/android.system.keystore2.IKeystoreService/default": PROP_ERROR_HANDLE_CONTROL_MESSAGE (0x20)
04-03 22:34:31.664   275   752 W libc    : Unable to set property "ctl.interface_start" to "android.hardware.media.c2@1.0::IComponentStore/software": PROP_ERROR_HANDLE_CONTROL_MESSAGE (0x20)
04-03 22:34:31.667   275   755 W libc    : Unable to set property "ctl.interface_start" to "android.hardware.media.c2@1.0::IComponentStore/software": PROP_ERROR_HANDLE_CONTROL_MESSAGE (0x20)
04-03 22:34:31.824   272   782 W libc    : Unable to set property "ctl.interface_start" to "aidl/activity": PROP_ERROR_HANDLE_CONTROL_MESSAGE (0x20)
04-03 22:34:32.502   578   578 E FeatureFlagsImplExport: android.os.flagging.AconfigStorageReadException: ERROR_PACKAGE_NOT_FOUND: package android.xr cannot be found on the device
04-03 22:34:32.828   272   797 W libc    : Unable to set property "ctl.interface_start" to "aidl/activity": PROP_ERROR_HANDLE_CONTROL_MESSAGE (0x20)
04-03 22:34:33.721   800   800 W system_server: Failed to upload odrefresh metrics: Unable to open or parse metrics file /data/misc/odrefresh/odrefresh-metrics.xml (error: Error=XML_ERROR_FILE_NOT_FOUND ErrorID=3 (0x3) Line number=0: filename=/data/misc/odrefresh/odrefresh-metrics.xml)
04-03 22:34:33.835   272   820 W libc    : Unable to set property "ctl.interface_start" to "aidl/activity": PROP_ERROR_HANDLE_CONTROL_MESSAGE (0x20)
04-03 22:34:34.839   272   865 W libc    : Unable to set property "ctl.interface_start" to "aidl/activity": PROP_ERROR_HANDLE_CONTROL_MESSAGE (0x20)
04-03 22:34:34.934   800   862 E AconfigFlags: android.os.flagging.AconfigStorageReadException: ERROR_PACKAGE_NOT_FOUND: package android.xr cannot be found on the device
04-03 22:34:35.503   272   877 W libc    : Unable to set property "ctl.interface_start" to "aidl/sensor_privacy": PROP_ERROR_HANDLE_CONTROL_MESSAGE (0x20)
04-03 22:34:37.651   800   842 W BatteryExternalStatsWorker: error reading modem stats:ERROR_PHONE_NOT_AVAILABLE
04-03 22:34:38.477   800   842 W BatteryExternalStatsWorker: error reading modem stats:ERROR_PHONE_NOT_AVAILABLE
04-03 22:34:39.120   800   842 W MobileRadioPowerStatsCollector: error reading modem stats:ERROR_PHONE_NOT_AVAILABLE
04-03 22:34:40.847  1206  1206 D StatsLog: LAUNCHER_LAUNCH_ASSISTANT_FAILED_SERVICE_ERROR
04-03 22:34:41.997  1456  1456 E FeatureFlagsImplExport: android.os.flagging.AconfigStorageReadException: ERROR_PACKAGE_NOT_FOUND: package android.xr cannot be found on the device
04-03 22:34:44.213  1206  1206 D StatsLog: LAUNCHER_LAUNCH_ASSISTANT_FAILED_SERVICE_ERROR
04-03 22:34:46.888  1206  1206 D StatsLog: LAUNCHER_LAUNCH_ASSISTANT_FAILED_SERVICE_ERROR
04-03 22:34:47.264  2000  2000 E FeatureFlagsImplExport: android.os.flagging.AconfigStorageReadException: ERROR_PACKAGE_NOT_FOUND: package android.xr cannot be found on the device
04-03 22:34:47.647  1153  1294 E IpClient.wlan0: ERROR [Non-HAL API] Cannot get APF capabilities: : getApfCapabilities failed: ENOSYS (Function not implemented)
04-03 22:35:01.778  2504  2561 I DialerInternalSemanticEventLoggerImpl: com.android.dialer.cui.impl.InternalSemanticEventLoggerImpl.logSemanticEvent:356 Logging failed CUI AutoActivatedVoicemail with result EXTERNAL_ERROR to GIL
04-03 22:35:01.780  2504  2561 I DialerLogcatLoggingBindings: com.android.dialer.logging.logcat.LogcatLoggingBindings.logImpression:54 Impression: VVM_CLIENT_ERROR_LOGGED
04-03 22:35:04.675  1349  1820 W UsageReportingOptionsSt: INTERNAL_ERROR: setPlayPassOptIn failed with null account [CONTEXT service_id=41 ]
04-03 22:35:04.676  1349  1820 E UsageReportingOptionsSt: INTERNAL_ERROR: setOptInOption should not be called while user is locked. [CONTEXT service_id=41 ]
04-03 22:35:07.575  2626  3334 E chromium: [0403/223507.564764:ERROR:android_webview/browser/variations/variations_seed_loader.cc:39] Seed missing signature.
04-03 22:39:54.192  4172  4233 I DialerLogcatLoggingBindings: com.android.dialer.logging.logcat.LogcatLoggingBindings.logImpression:54 Impression: VVM_CLIENT_ERROR_LOGGED
